127.0.0.1 - - [08/Jul/2020:09:56:46 +0900] "GET / HTTP/1.1" 404 807
127.0.0.1 - - [08/Jul/2020:10:13:42 +0900] "GET / HTTP/1.1" 404 807
127.0.0.1 - - [08/Jul/2020:10:23:05 +0900] "GET / HTTP/1.1" 404 807
0:0:0:0:0:0:0:1 - - [08/Jul/2020:10:23:19 +0900] "GET /helloJSP/hello.html HTTP/1.1" 200 150
0:0:0:0:0:0:0:1 - - [08/Jul/2020:10:23:47 +0900] "GET /helloJSP/hello.html HTTP/1.1" 200 150
0:0:0:0:0:0:0:1 - - [08/Jul/2020:10:23:47 +0900] "GET /favicon.ico HTTP/1.1" 404 818
0:0:0:0:0:0:0:1 - - [08/Jul/2020:10:25:10 +0900] "GET /helloJSP/hello.html HTTP/1.1" 200 216
0:0:0:0:0:0:0:1 - - [08/Jul/2020:10:26:15 +0900] "GET /helloJSP/hello.html HTTP/1.1" 200 216
127.0.0.1 - - [08/Jul/2020:11:37:35 +0900] "GET / HTTP/1.1" 404 807
0:0:0:0:0:0:0:1 - - [08/Jul/2020:11:37:35 +0900] "GET /helloJSP/hello.html HTTP/1.1" 304 -
127.0.0.1 - - [08/Jul/2020:11:38:10 +0900] "GET / HTTP/1.1" 404 807
127.0.0.1 - - [08/Jul/2020:11:38:51 +0900] "GET / HTTP/1.1" 404 807
127.0.0.1 - - [08/Jul/2020:11:39:41 +0900] "GET / HTTP/1.1" 404 807
127.0.0.1 - - [08/Jul/2020:11:40:12 +0900] "GET / HTTP/1.1" 404 807
127.0.0.1 - - [08/Jul/2020:11:48:20 +0900] "GET / HTTP/1.1" 404 807
0:0:0:0:0:0:0:1 - - [08/Jul/2020:11:48:59 +0900] "GET /helloJSP/ HTTP/1.1" 200 128
0:0:0:0:0:0:0:1 - - [08/Jul/2020:11:49:21 +0900] "GET /helloJSP/ HTTP/1.1" 200 128
0:0:0:0:0:0:0:1 - - [08/Jul/2020:13:06:47 +0900] "GET /helloJSP/ HTTP/1.1" 200 128
0:0:0:0:0:0:0:1 - - [08/Jul/2020:13:07:05 +0900] "GET /helloJSP/ HTTP/1.1" 200 128
0:0:0:0:0:0:0:1 - - [08/Jul/2020:13:08:41 +0900] "GET /helloJSP/ HTTP/1.1" 200 128
0:0:0:0:0:0:0:1 - - [08/Jul/2020:13:08:56 +0900] "GET /helloJSP/ HTTP/1.1" 200 128
127.0.0.1 - - [08/Jul/2020:13:13:46 +0900] "GET / HTTP/1.1" 404 807
0:0:0:0:0:0:0:1 - - [08/Jul/2020:13:13:46 +0900] "GET /helloJSP/ HTTP/1.1" 200 128
127.0.0.1 - - [08/Jul/2020:13:15:21 +0900] "GET / HTTP/1.1" 404 807
127.0.0.1 - - [08/Jul/2020:13:15:36 +0900] "GET / HTTP/1.1" 404 807
127.0.0.1 - - [08/Jul/2020:13:16:27 +0900] "GET / HTTP/1.1" 404 807
127.0.0.1 - - [08/Jul/2020:13:16:55 +0900] "GET / HTTP/1.1" 404 807
0:0:0:0:0:0:0:1 - - [08/Jul/2020:13:16:56 +0900] "GET /helloJSP/HelloServlet HTTP/1.1" 200 123
127.0.0.1 - - [08/Jul/2020:13:22:21 +0900] "GET / HTTP/1.1" 404 807
0:0:0:0:0:0:0:1 - - [08/Jul/2020:13:22:29 +0900] "GET /helloJSP/HelloServlet HTTP/1.1" 200 131
127.0.0.1 - - [08/Jul/2020:13:48:14 +0900] "GET / HTTP/1.1" 404 807
0:0:0:0:0:0:0:1 - - [08/Jul/2020:13:48:14 +0900] "GET /helloJSP/HelloServlet HTTP/1.1" 200 131
0:0:0:0:0:0:0:1 - - [08/Jul/2020:13:48:22 +0900] "GET /helloJSP/viewAuthorTable.jsp HTTP/1.1" 200 287
0:0:0:0:0:0:0:1 - - [08/Jul/2020:13:53:34 +0900] "GET /helloJSP/viewAuthorTable.jsp HTTP/1.1" 200 287
0:0:0:0:0:0:0:1 - - [08/Jul/2020:13:54:04 +0900] "GET /helloJSP/viewAuthorTable.jsp HTTP/1.1" 200 287
0:0:0:0:0:0:0:1 - - [08/Jul/2020:13:54:51 +0900] "GET /helloJSP/viewAuthorTable.jsp HTTP/1.1" 200 287
0:0:0:0:0:0:0:1 - - [08/Jul/2020:13:55:43 +0900] "GET /helloJSP/viewAuthorTable.jsp HTTP/1.1" 200 287
0:0:0:0:0:0:0:1 - - [08/Jul/2020:13:55:47 +0900] "GET /helloJSP/viewAuthorTable.jsp HTTP/1.1" 200 287
0:0:0:0:0:0:0:1 - - [08/Jul/2020:13:56:13 +0900] "GET /helloJSP/viewAuthorTable.jsp HTTP/1.1" 200 287
127.0.0.1 - - [08/Jul/2020:13:56:24 +0900] "GET / HTTP/1.1" 404 807
0:0:0:0:0:0:0:1 - - [08/Jul/2020:13:56:24 +0900] "GET /helloJSP/viewAuthorTable.jsp HTTP/1.1" 200 287
127.0.0.1 - - [08/Jul/2020:13:57:38 +0900] "GET / HTTP/1.1" 404 807
127.0.0.1 - - [08/Jul/2020:13:57:57 +0900] "GET / HTTP/1.1" 404 807
127.0.0.1 - - [08/Jul/2020:13:58:51 +0900] "GET / HTTP/1.1" 404 807
127.0.0.1 - - [08/Jul/2020:13:59:14 +0900] "GET / HTTP/1.1" 404 807
127.0.0.1 - - [08/Jul/2020:13:59:25 +0900] "GET / HTTP/1.1" 404 807
127.0.0.1 - - [08/Jul/2020:14:05:18 +0900] "GET / HTTP/1.1" 404 807
127.0.0.1 - - [08/Jul/2020:14:05:45 +0900] "GET / HTTP/1.1" 404 807
0:0:0:0:0:0:0:1 - - [08/Jul/2020:14:05:46 +0900] "GET /helloJSP/viewAuthorTable.jsp HTTP/1.1" 200 1058
127.0.0.1 - - [08/Jul/2020:14:23:01 +0900] "GET / HTTP/1.1" 404 807
127.0.0.1 - - [08/Jul/2020:14:28:59 +0900] "GET / HTTP/1.1" 404 807
0:0:0:0:0:0:0:1 - - [08/Jul/2020:14:29:11 +0900] "GET /helloJSP/viewBookTable.jsp HTTP/1.1" 200 319
127.0.0.1 - - [08/Jul/2020:14:33:32 +0900] "GET / HTTP/1.1" 404 807
0:0:0:0:0:0:0:1 - - [08/Jul/2020:14:33:33 +0900] "GET /helloJSP/viewBookTable.jsp HTTP/1.1" 200 319
0:0:0:0:0:0:0:1 - - [08/Jul/2020:14:35:18 +0900] "GET /helloJSP/viewBookTable.jsp HTTP/1.1" 200 387
0:0:0:0:0:0:0:1 - - [08/Jul/2020:14:35:54 +0900] "GET /helloJSP/viewBookTable.jsp HTTP/1.1" 200 387
0:0:0:0:0:0:0:1 - - [08/Jul/2020:14:36:07 +0900] "GET /helloJSP/viewBookTable.jsp HTTP/1.1" 200 387
0:0:0:0:0:0:0:1 - - [08/Jul/2020:14:36:44 +0900] "GET /helloJSP/viewBookTable.jsp HTTP/1.1" 200 387
0:0:0:0:0:0:0:1 - - [08/Jul/2020:14:36:51 +0900] "GET /helloJSP/viewBookTable.jsp HTTP/1.1" 200 316
0:0:0:0:0:0:0:1 - - [08/Jul/2020:14:37:05 +0900] "GET /helloJSP/viewBookTable.jsp HTTP/1.1" 200 316
0:0:0:0:0:0:0:1 - - [08/Jul/2020:14:41:47 +0900] "GET /helloJSP/viewBookTable.jsp HTTP/1.1" 200 316
127.0.0.1 - - [08/Jul/2020:14:41:58 +0900] "GET / HTTP/1.1" 404 807
0:0:0:0:0:0:0:1 - - [08/Jul/2020:14:42:39 +0900] "GET /helloJSP/viewBookTable.jsp HTTP/1.1" 200 316
0:0:0:0:0:0:0:1 - - [08/Jul/2020:14:43:32 +0900] "GET /helloJSP/viewBookTable.jsp HTTP/1.1" 200 1054
0:0:0:0:0:0:0:1 - - [08/Jul/2020:15:08:13 +0900] "GET /helloJSP/viewBookInfo.jsp HTTP/1.1" 200 128
127.0.0.1 - - [08/Jul/2020:15:08:32 +0900] "GET / HTTP/1.1" 404 807
0:0:0:0:0:0:0:1 - - [08/Jul/2020:15:08:39 +0900] "GET /helloJSP/viewBookInfo.jsp HTTP/1.1" 200 294
0:0:0:0:0:0:0:1 - - [08/Jul/2020:15:09:23 +0900] "GET /helloJSP/viewBookInfo.jsp HTTP/1.1" 200 796
127.0.0.1 - - [08/Jul/2020:15:27:13 +0900] "GET / HTTP/1.1" 404 807
0:0:0:0:0:0:0:1 - - [08/Jul/2020:15:27:20 +0900] "GET /helloJSP/viewBookInfo.jsp HTTP/1.1" 200 796
127.0.0.1 - - [08/Jul/2020:15:27:53 +0900] "GET / HTTP/1.1" 404 807
0:0:0:0:0:0:0:1 - - [08/Jul/2020:15:27:58 +0900] "GET /helloJSP/viewBookInfo.jsp HTTP/1.1" 200 796
0:0:0:0:0:0:0:1 - - [08/Jul/2020:15:29:58 +0900] "GET /helloJSP/hello.html HTTP/1.1" 200 216
127.0.0.1 - - [08/Jul/2020:15:37:44 +0900] "GET / HTTP/1.1" 404 807
0:0:0:0:0:0:0:1 - - [08/Jul/2020:15:37:52 +0900] "GET /helloJSP/viewBookInfo.jsp HTTP/1.1" 200 290
127.0.0.1 - - [08/Jul/2020:15:42:49 +0900] "GET / HTTP/1.1" 404 807
0:0:0:0:0:0:0:1 - - [08/Jul/2020:15:42:54 +0900] "GET /helloJSP/viewBookInfo.jsp HTTP/1.1" 200 753
0:0:0:0:0:0:0:1 - - [08/Jul/2020:15:43:27 +0900] "POST /helloJSP/viewBookInfo.jsp HTTP/1.1" 200 753
127.0.0.1 - - [08/Jul/2020:15:47:40 +0900] "GET / HTTP/1.1" 404 807
0:0:0:0:0:0:0:1 - - [08/Jul/2020:15:47:41 +0900] "GET /helloJSP/test1.jsp HTTP/1.1" 200 591
0:0:0:0:0:0:0:1 - - [08/Jul/2020:15:48:09 +0900] "POST /helloJSP/viewBookInfo.jsp HTTP/1.1" 200 753
127.0.0.1 - - [08/Jul/2020:15:51:37 +0900] "GET / HTTP/1.1" 404 807
0:0:0:0:0:0:0:1 - - [08/Jul/2020:15:51:38 +0900] "GET /helloJSP/test1.jsp HTTP/1.1" 200 593
0:0:0:0:0:0:0:1 - - [08/Jul/2020:15:51:48 +0900] "POST /helloJSP/viewAuthorInfo.jsp HTTP/1.1" 200 176
